%!Adobe-FontList 1.14
%Locale:0x409

%BeginFont
Handler:DirectoryHandler
FontType:TrueType
FontName:Lato-Black
FamilyName:Lato
StyleName:Black
FullName:Lato Black
MenuName:Lato Black
StyleBits:0
WritingScript:Roman
OutlineFileName:C:\Users\dell\Desktop\html\Landing page - PSD\Font\Lato-Bla.ttf
DataFormat:sfntData
FileLength:114588
FileModTime:1387711522
WeightClass:900
WidthClass:5
AngleClass:0
%EndFont

%BeginFont
Handler:DirectoryHandler
FontType:TrueType
FontName:Lato-BlackItalic
FamilyName:Lato
StyleName:Black Italic
FullName:Lato Black Italic
MenuName:Lato Black
StyleBits:1
WritingScript:Roman
OutlineFileName:C:\Users\dell\Desktop\html\Landing page - PSD\Font\Lato-BlaIta.ttf
DataFormat:sfntData
FileLength:111616
FileModTime:1387711522
WeightClass:900
WidthClass:5
AngleClass:1
%EndFont

%BeginFont
Handler:DirectoryHandler
FontType:TrueType
FontName:Lato-Bold
FamilyName:Lato
StyleName:Bold
FullName:Lato Bold
MenuName:Lato
StyleBits:2
WritingScript:Roman
OutlineFileName:C:\Users\dell\Desktop\html\Landing page - PSD\Font\Lato-Bol.ttf
DataFormat:sfntData
FileLength:121788
FileModTime:1387711522
WeightClass:700
WidthClass:5
AngleClass:0
%EndFont

%BeginFont
Handler:DirectoryHandler
FontType:TrueType
FontName:Lato-BoldItalic
FamilyName:Lato
StyleName:Bold Italic
FullName:Lato Bold Italic
MenuName:Lato
StyleBits:3
WritingScript:Roman
OutlineFileName:C:\Users\dell\Desktop\html\Landing page - PSD\Font\Lato-BolIta.ttf
DataFormat:sfntData
FileLength:120312
FileModTime:1387711522
WeightClass:700
WidthClass:5
AngleClass:1
%EndFont

%BeginFont
Handler:DirectoryHandler
FontType:TrueType
FontName:Lato-Hairline
FamilyName:Lato
StyleName:Hairline
FullName:Lato-Hairline
MenuName:Lato Hairline
StyleBits:0
WritingScript:Roman
OutlineFileName:C:\Users\dell\Desktop\html\Landing page - PSD\Font\Lato-Hai.ttf
DataFormat:sfntData
FileLength:115316
FileModTime:1387711522
WeightClass:250
WidthClass:5
AngleClass:0
%EndFont

%BeginFont
Handler:DirectoryHandler
FontType:TrueType
FontName:Lato-HairlineItalic
FamilyName:Lato
StyleName:Hairline Italic
FullName:Lato-HairlineItalic
MenuName:Lato Hairline
StyleBits:1
WritingScript:Roman
OutlineFileName:C:\Users\dell\Desktop\html\Landing page - PSD\Font\Lato-HaiIta.ttf
DataFormat:sfntData
FileLength:91460
FileModTime:1387711522
WeightClass:250
WidthClass:5
AngleClass:1
%EndFont

%BeginFont
Handler:DirectoryHandler
FontType:TrueType
FontName:Lato-Light
FamilyName:Lato
StyleName:Light
FullName:Lato-Light
MenuName:Lato Light
StyleBits:0
WritingScript:Roman
OutlineFileName:C:\Users\dell\Desktop\html\Landing page - PSD\Font\Lato-Lig.ttf
DataFormat:sfntData
FileLength:122524
FileModTime:1387711522
WeightClass:300
WidthClass:5
AngleClass:0
%EndFont

%BeginFont
Handler:DirectoryHandler
FontType:TrueType
FontName:Lato-LightItalic
FamilyName:Lato
StyleName:Light Italic
FullName:Lato-LightItalic
MenuName:Lato Light
StyleBits:1
WritingScript:Roman
OutlineFileName:C:\Users\dell\Desktop\html\Landing page - PSD\Font\Lato-LigIta.ttf
DataFormat:sfntData
FileLength:91600
FileModTime:1387711522
WeightClass:300
WidthClass:5
AngleClass:1
%EndFont

%BeginFont
Handler:DirectoryHandler
FontType:TrueType
FontName:Lato-Regular
FamilyName:Lato
StyleName:Regular
FullName:Lato Regular
MenuName:Lato
StyleBits:0
WritingScript:Roman
OutlineFileName:C:\Users\dell\Desktop\html\Landing page - PSD\Font\Lato-Reg.ttf
DataFormat:sfntData
FileLength:120196
FileModTime:1387711522
WeightClass:400
WidthClass:5
AngleClass:0
%EndFont

%BeginFont
Handler:DirectoryHandler
FontType:TrueType
FontName:Lato-Italic
FamilyName:Lato
StyleName:Italic
FullName:Lato Italic
MenuName:Lato
StyleBits:1
WritingScript:Roman
OutlineFileName:C:\Users\dell\Desktop\html\Landing page - PSD\Font\Lato-RegIta.ttf
DataFormat:sfntData
FileLength:118352
FileModTime:1387711522
WeightClass:400
WidthClass:5
AngleClass:1
%EndFont

